{
  "method": "scipy.integrate.quad in electron energy, epsrel=3e-11; no imports from producer or frozen validator",
  "I0_MeV5": 0.05700452626306701,
  "tau_s": 879.4,
  "A_s_inv_MeV_minus5": 0.01994822223647636,
  "equal_temperature_crossing_inverse_over_p5_0p1_MeV": 0.29817573639899697,
  "equal_temperature_rows": [
    {
      "T_gamma_MeV": 0.01,
      "T_nu_MeV": 0.01,
      "n_nu": 5.8257945478710785e-08,
      "n_ep": 2.0136705908787866e-27,
      "beta": 0.0011370865855870032,
      "p_e": 3.95043066026169e-64,
      "p_an": 1.3654559865626805e-83,
      "inverse": 7.710504849019595e-60,
      "n": 0.0011371448435324818,
      "p5": 3.95043066026169e-64,
      "p6": 7.710899892085622e-60,
      "relative_to_p5": 19518.13741874114,
      "omitted_fraction_p6": 0.999948768227891,
      "p6_over_n_boltzmann_ratio": 1.000000000000007,
      "beta_fraction_n": 0.9999487682278911
    },
    {
      "T_gamma_MeV": 0.02,
      "T_nu_MeV": 0.02,
      "n_nu": 4.907090085747153e-07,
      "n_ep": 7.497264699027925e-16,
      "beta": 0.0011367424151548528,
      "p_e": 4.0408122324114493e-35,
      "p_an": 6.17372788680849e-44,
      "inverse": 9.360665029566676e-32,
      "n": 0.0011372331241641773,
      "p5": 4.040812238585177e-35,
      "p6": 9.364705841805261e-32,
      "relative_to_p5": 2316.530557936579,
      "omitted_fraction_p6": 0.9995685062289361,
      "p6_over_n_boltzmann_ratio": 1.0000000000000047,
      "beta_fraction_n": 0.999568506228936
    },
    {
      "T_gamma_MeV": 0.03,
      "T_nu_MeV": 0.03,
      "n_nu": 1.7418125778171358e-06,
      "n_ep": 7.259875918752771e-12,
      "beta": 0.0011358738886304213,
      "p_e": 3.296839830821683e-25,
      "p_an": 1.374123048632624e-30,
      "inverse": 2.1499410019877776e-22,
      "n": 0.0011376157084681145,
      "p5": 3.296853572052169e-25,
      "p6": 2.1532378555598296e-22,
      "relative_to_p5": 652.1190447198172,
      "omitted_fraction_p6": 0.9984688855606271,
      "p6_over_n_boltzmann_ratio": 0.9999999999999976,
      "beta_fraction_n": 0.998468885560627
    },
    {
      "T_gamma_MeV": 0.05,
      "T_nu_MeV": 0.05,
      "n_nu": 8.891839421327188e-06,
      "n_ep": 1.5808718923563577e-08,
      "beta": 0.00113192437379758,
      "p_e": 5.190981329294894e-17,
      "p_an": 9.228997610490009e-20,
      "inverse": 6.608079624631864e-15,
      "n": 0.0011408320219378307,
      "p5": 5.200210326905384e-17,
      "p6": 6.660081727900917e-15,
      "relative_to_p5": 127.07331452426646,
      "omitted_fraction_p6": 0.9921919722019023,
      "p6_over_n_boltzmann_ratio": 1.0000000000000022,
      "beta_fraction_n": 0.9921919722019021
    },
    {
      "T_gamma_MeV": 0.075,
      "T_nu_MeV": 0.075,
      "n_nu": 3.372226412092648e-05,
      "n_ep": 9.996066155752344e-07,
      "beta": 0.001121939857923751,
      "p_e": 1.093340148317633e-12,
      "p_an": 3.2409153828259836e-14,
      "inverse": 3.6375430969494394e-11,
      "n": 0.0011566617286602528,
      "p5": 1.1257493021458928e-12,
      "p6": 3.7501180271640287e-11,
      "relative_to_p5": 32.31219499772808,
      "omitted_fraction_p6": 0.9699809634259106,
      "p6_over_n_boltzmann_ratio": 1.000000000000002,
      "beta_fraction_n": 0.9699809634259106
    },
    {
      "T_gamma_MeV": 0.1,
      "T_nu_MeV": 0.1,
      "n_nu": 8.931303725314911e-05,
      "n_ep": 9.622853903879606e-06,
      "beta": 0.001105857194911939,
      "p_e": 2.1579619682672568e-10,
      "p_an": 2.3250528018553207e-11,
      "inverse": 2.6719478391387176e-09,
      "n": 0.0012047930860689677,
      "p5": 2.3904672484527887e-10,
      "p6": 2.9109945639839965e-09,
      "relative_to_p5": 11.177512851799642,
      "omitted_fraction_p6": 0.9178814251998744,
      "p6_over_n_boltzmann_ratio": 1.0000000000000007,
      "beta_fraction_n": 0.9178814251998744
    },
    {
      "T_gamma_MeV": 0.15,
      "T_nu_MeV": 0.15,
      "n_nu": 0.00037060542531694603,
      "n_ep": 0.0001247520232356942,
      "beta": 0.0010569124201263457,
      "p_e": 6.673152624978491e-08,
      "p_an": 2.2462954788497643e-08,
      "inverse": 1.9030854404537492e-07,
      "n": 0.001552269868678986,
      "p5": 8.919448103828255e-08,
      "p6": 2.7950302508365747e-07,
      "relative_to_p5": 2.133635868834686,
      "omitted_fraction_p6": 0.6808818759239335,
      "p6_over_n_boltzmann_ratio": 1.0000000000000004,
      "beta_fraction_n": 0.6808818759239335
    },
    {
      "T_gamma_MeV": 0.2,
      "T_nu_MeV": 0.2,
      "n_nu": 0.001060919679958043,
      "n_ep": 0.0005723205505062269,
      "beta": 0.0009936150179786342,
      "p_e": 1.6490999158769845e-06,
      "p_an": 8.896184975396191e-07,
      "inverse": 1.5444811454788685e-06,
      "n": 0.0026268552484429043,
      "p5": 2.5387184134166035e-06,
      "p6": 4.083199558895472e-06,
      "relative_to_p5": 0.608370403474684,
      "omitted_fraction_p6": 0.3782526724940819,
      "p6_over_n_boltzmann_ratio": 0.9999999999999997,
      "beta_fraction_n": 0.37825267249408195
    },
    {
      "T_gamma_MeV": 0.3,
      "T_nu_MeV": 0.3,
      "n_nu": 0.0049971340032670016,
      "n_ep": 0.003879984321805713,
      "beta": 0.0008631413915053625,
      "p_e": 6.705491838730986e-05,
      "p_an": 5.2064249602398044e-05,
      "inverse": 1.1582214030334587e-05,
      "n": 0.009740259716578078,
      "p5": 0.0001191191679897079,
      "p6": 0.0001307013820200425,
      "relative_to_p5": 0.09723216024590861,
      "omitted_fraction_p6": 0.0886158497433371,
      "p6_over_n_boltzmann_ratio": 1.0000000000000004,
      "beta_fraction_n": 0.08861584974333714
    },
    {
      "T_gamma_MeV": 0.5,
      "T_nu_MeV": 0.5,
      "n_nu": 0.03963337344864103,
      "n_ep": 0.036927454293388326,
      "beta": 0.0006756022582070864,
      "p_e": 0.0029832305997536074,
      "p_an": 0.002779554250202644,
      "inverse": 5.0853035070501315e-05,
      "n": 0.07723643000023644,
      "p5": 0.005762784849956251,
      "p6": 0.005813637885026752,
      "relative_to_p5": 0.008824385500160981,
      "omitted_fraction_p6": 0.008747196862996104,
      "p6_over_n_boltzmann_ratio": 1.0,
      "beta_fraction_n": 0.008747196862996104
    },
    {
      "T_gamma_MeV": 1,
      "T_nu_MeV": 1,
      "n_nu": 0.8046616869343175,
      "n_ep": 0.7965584045189449,
      "beta": 0.0004838266319255723,
      "p_e": 0.22076296390688804,
      "p_an": 0.2185397877914602,
      "inverse": 0.00013274025968344007,
      "n": 1.601703918085188,
      "p5": 0.4393027516983482,
      "p6": 0.43943549195803167,
      "relative_to_p5": 0.00030216122974478327,
      "omitted_fraction_p6": 0.0003020699559154349,
      "p6_over_n_boltzmann_ratio": 1.0,
      "beta_fraction_n": 0.00030206995591543505
    },
    {
      "T_gamma_MeV": 3,
      "T_nu_MeV": 3,
      "n_nu": 135.5099756287565,
      "n_ep": 135.45807396160882,
      "beta": 0.00034808341830672336,
      "p_e": 88.05260956572647,
      "p_an": 88.01888454133643,
      "inverse": 0.00022618005195745324,
      "n": 270.96839767378367,
      "p5": 176.0714941070629,
      "p6": 176.07172028711486,
      "relative_to_p5": 1.2845921090436199e-06,
      "omitted_fraction_p6": 1.2845904588688532e-06,
      "p6_over_n_boltzmann_ratio": 0.9999999999999993,
      "beta_fraction_n": 1.2845904588688522e-06
    },
    {
      "T_gamma_MeV": 5,
      "T_nu_MeV": 5,
      "n_nu": 1607.4706129644173,
      "n_ep": 1607.3378338243383,
      "beta": 0.00032201158859474746,
      "p_e": 1241.096699429379,
      "p_an": 1240.99418324577,
      "inverse": 0.0002486188652904468,
      "n": 3214.8087688003443,
      "p5": 2482.0908826751493,
      "p6": 2482.0911312940148,
      "relative_to_p5": 1.0016509348057804e-07,
      "omitted_fraction_p6": 1.001650834475331e-07,
      "p6_over_n_boltzmann_ratio": 1.0000000000000002,
      "beta_fraction_n": 1.0016508344753304e-07
    },
    {
      "T_gamma_MeV": 10,
      "T_nu_MeV": 10,
      "n_nu": 48330.73451965847,
      "n_ep": 48330.23627145887,
      "beta": 0.00030291777771759165,
      "p_e": 42467.303385984946,
      "p_an": 42466.865584704574,
      "inverse": 0.0002661681287320151,
      "n": 96660.97109403512,
      "p5": 84934.16897068953,
      "p6": 84934.16923685766,
      "relative_to_p5": 3.1338168367064235e-09,
      "omitted_fraction_p6": 3.1338168268856153e-09,
      "p6_over_n_boltzmann_ratio": 1.0000000000000004,
      "beta_fraction_n": 3.1338168268856187e-09
    }
  ],
  "decoupled_example": {
    "T_gamma_MeV": 0.1,
    "T_nu_MeV": 0.07137658555036082,
    "n_nu": 2.859017229462406e-05,
    "n_ep": 9.62285394194235e-06,
    "beta": 0.0011229077363837923,
    "p_e": 2.2384568377283077e-10,
    "p_an": 8.686786835177392e-15,
    "inverse": 4.85078499735863e-10,
    "n": 0.0011611207626203587,
    "p5": 2.2385437055966594e-10,
    "p6": 7.08932870295529e-10,
    "relative_to_p5": 2.1669378110559188,
    "omitted_fraction_p6": 0.6842375633304335,
    "p6_over_n_boltzmann_ratio": 0.252696248471847,
    "beta_fraction_n": 0.9670895332623894
  }
}
