
┏━━━━━━━━━━━━━━━━━━━━━━━━━━━━━━━━━━━━━━━━━━━━━━━┓
┃                                               ┃
┃         ░█▀█░█▀▄░▀█▀░█▄█░█▀█░▀█▀              ┃
┃         ░█▀▀░█▀▄░░█░░█░█░█▀█░░█░              ┃
┃         ░▀░░░▀░▀░▀▀▀░▀░▀░▀░▀░░▀░              ┃
┃                                               ┃
┃  Welcome to PRIMAT (python backend) v0.0.0+unknown    ┃
┃                                               ┃
┗━━━━━━━━━━━━━━━━━━━━━━━━━━━━━━━━━━━━━━━━━━━━━━━┛

[opts-py] backend              = python
[opts-py] network              = 'small' (amax=None)
[opts-py] numerical_precision  = 1e-07
[opts-py] radiative_corrections    = True
[opts-py] finite_mass_corrections  = True
[opts-py] thermal_corrections      = True
[opts-py] spectral_distortions     = True
[opts-py] tau_n_normalization      = True
[opts-py] tau_n                = 878.4 s
[opts-py] Omegabh2             = 0.02242 (eta0b=6.13744e-10)
[opts-py] DeltaNeff            = 0
[init]  numba not detected: running without JIT compilation.
[init-py] Electron-thermo tables loaded from cache (2000 points).
[init-py] QED pressure corrections tables loaded.
[rates-py] Building 'small' network from text lists.
[rates-py] MT network: 12 reactions over 8 nuclides.
[rates-py] MT nuclides: n, p, H2, H3, He3, He4, Li7, Be7
[rates-py] LT network: 12 reactions over 8 nuclides.
[rates-py] LT nuclides: n, p, H2, H3, He3, He4, Li7, Be7
------------------------------------------------------------
Loaded 13 reactions (LT network):
------------------------------------------------------------
  n <-> p                 [weak n<->p]
  n + p <-> H2            [Ando et al. 2006]
  H2 + p <-> He3          [Moscoso et al. 2021]
  H2 + H2 <-> He3 + n     [Gómez et al. 2017]
  H2 + H2 <-> H3 + p      [Gómez et al. 2017]
  H3 + p <-> He4          [Serpico et al. 2004]
  H3 + H2 <-> He4 + n     [de Souza et al. 2019]
  H3 + He4 <-> Li7        [Descouvemont et al. 2004]
  He3 + n <-> H3 + p      [Descouvemont et al. 2004]
  He3 + H2 <-> He4 + p    [de Souza et al. 2019]
  He3 + He4 <-> Be7       [Iliadis et al. 2016]
  Be7 + n <-> Li7 + p     [de Souza et al. 2020]
  Li7 + p <-> He4 + He4   [Descouvemont et al. 2004]
[bg-py] Solving cosmological background: a(T), t(T) relations ...
[bg-py] Background a(T), t(T) ready in 0.06 s
[weak-py] background n<->p weak rates: loaded from cache.
[weak-py] n <--> p thermal corrections loaded from cache.
[init-py] Initialisation complete in 0.1 s
[nucl-py] Solving neutron decoupling at high temperature era (T = 10 -> 1 MeV)
[nucl-py] [HT] Finished solve_ivp in 0.01 s
[nucl-py] Solving nuclear network at mid temperature era (T = 1 -> 0.11 MeV)
[nucl-py] [MT] Finished solve_ivp (small network, 8 nuclides) in 0.40 s
[nucl-py] Solving nuclear network at low temperature era (T = 0.11 -> 0.001 MeV)
[nucl-py] [LT] Finished solve_ivp (small network, 8 nuclides) in 1.01 s
--------------------------------------------------
Primordial abundances (8 nuclides) at T = 0.001 MeV
--------------------------------------------------
  Yn    = 3.997184e-16
  Yp    = 7.529409e-01
  YH2   = 1.834059e-05
  YH3   = 5.851902e-08
  YHe3  = 7.771550e-06
  YHe4  = 6.174974e-02
  YLi7  = 2.181365e-11
  YBe7  = 3.966499e-10
[output] Time-evolution data (500 rows) written to /workspace/shared/dmde-upstream/results/current-4bf97d5-sm-small/abundance_evolution.tsv
[output] Final abundances (8 nuclides) written to /workspace/shared/dmde-upstream/results/current-4bf97d5-sm-small/final_abundances.dat
[output] Background time-evolution data (500 rows) written to /workspace/shared/dmde-upstream/results/current-4bf97d5-sm-small/background_evolution.tsv
{
  "YPBBN": 0.24699894798444227,
  "DoH": 2.435860013230952e-05,
  "Neff": 3.0439772985579183
}
{
  "elapsed_seconds": 1.572357082999929,
  "source_status_after": "",
  "source_clean": true,
  "positive_final_abundances": true,
  "all_finite_final_abundances": true,
  "baryon_number_sum_A_Y": 1.0000000000016493,
  "baryon_number_abs_error": 1.6493473253831326e-12,
  "physical_helium_fraction": true,
  "positive_deuterium_ratio": true
}
